// Jest Snapshot v1, https://goo.gl/fbAQLP

exports[`<Footer /> renders <Footer /> with populated data 1`] = `
<div
  class="StyledComponents__Container-sc-1ufe62d-0 jVLLXx"
>
  <p
    class="StyledComponents__Title-sc-1ufe62d-4 hOAVUI"
  >
    Questions? Contact Us
  </p>
  <p
    class="StyledComponents__Break-sc-1ufe62d-6 coJBJi"
  />
  <div
    class="StyledComponents__Row-sc-1ufe62d-2 gBkEhF"
  >
    <div
      class="StyledComponents__Column-sc-1ufe62d-1 cNacnU"
    >
      <a
        class="StyledComponents__Link-sc-1ufe62d-3 gRBvbE"
        href="#"
      >
        FAQ
      </a>
      <a
        class="StyledComponents__Link-sc-1ufe62d-3 gRBvbE"
        href="#"
      >
        Investor Relations
      </a>
      <a
        class="StyledComponents__Link-sc-1ufe62d-3 gRBvbE"
        href="#"
      >
        Ways to Watch
      </a>
      <a
        class="StyledComponents__Link-sc-1ufe62d-3 gRBvbE"
        href="#"
      >
        Corporate Information
      </a>
      <a
        class="StyledComponents__Link-sc-1ufe62d-3 gRBvbE"
        href="#"
      >
        Netflix Originals
      </a>
    </div>
    <div
      class="StyledComponents__Column-sc-1ufe62d-1 cNacnU"
    >
      <a
        class="StyledComponents__Link-sc-1ufe62d-3 gRBvbE"
        href="#"
      >
        Help Centre
      </a>
      <a
        class="StyledComponents__Link-sc-1ufe62d-3 gRBvbE"
        href="#"
      >
        Jobs
      </a>
      <a
        class="StyledComponents__Link-sc-1ufe62d-3 gRBvbE"
        href="#"
      >
        Terms of Use
      </a>
      <a
        class="StyledComponents__Link-sc-1ufe62d-3 gRBvbE"
        href="#"
      >
        Contact Us
      </a>
    </div>
    <div
      class="StyledComponents__Column-sc-1ufe62d-1 cNacnU"
    >
      <a
        class="StyledComponents__Link-sc-1ufe62d-3 gRBvbE"
        href="#"
      >
        Account
      </a>
      <a
        class="StyledComponents__Link-sc-1ufe62d-3 gRBvbE"
        href="#"
      >
        Redeem Gift Cards
      </a>
      <a
        class="StyledComponents__Link-sc-1ufe62d-3 gRBvbE"
        href="#"
      >
        Privacy
      </a>
      <a
        class="StyledComponents__Link-sc-1ufe62d-3 gRBvbE"
        href="#"
      >
        Speed Test
      </a>
    </div>
    <div
      class="StyledComponents__Column-sc-1ufe62d-1 cNacnU"
    >
      <a
        class="StyledComponents__Link-sc-1ufe62d-3 gRBvbE"
        href="#"
      >
        Media Centre
      </a>
      <a
        class="StyledComponents__Link-sc-1ufe62d-3 gRBvbE"
        href="#"
      >
        Buy Gift Cards
      </a>
      <a
        class="StyledComponents__Link-sc-1ufe62d-3 gRBvbE"
        href="#"
      >
        Cookie Preferences
      </a>
      <a
        class="StyledComponents__Link-sc-1ufe62d-3 gRBvbE"
        href="#"
      >
        Legal Notices
      </a>
    </div>
  </div>
  <p
    class="StyledComponents__Break-sc-1ufe62d-6 coJBJi"
  />
  <p
    class="StyledComponents__Text-sc-1ufe62d-5 giUXrY"
  >
    Netflix Colombia
  </p>
</div>
`;
